(1789484826.669757) can0 33B#6400007C00000000
(1789484826.669954) can0 323#0000000000000000
(1789484826.670221) can0 324#0000002828000000
(1789484826.670462) can0 33D#0000102000180000
(1789484826.670710) can0 3B7#0000000000010100
(1789484826.670954) can0 491#0000000000000000
(1789484826.769762) can0 33B#6400006600000000
(1789484826.769928) can0 323#0000000000000000
(1789484826.770168) can0 324#0000002851000000
(1789484826.770415) can0 33D#0000102000180000
(1789484826.770722) can0 3B7#0000000000020200
(1789484826.770905) can0 491#0000000000000000
(1789484826.869658) can0 33B#6400005400000000
(1789484826.869875) can0 323#0000000000000000
(1789484826.870113) can0 324#0000002F51000000
(1789484826.870374) can0 33D#0000102000180000
(1789484826.870621) can0 3B7#0000000000030300
(1789484826.870859) can0 491#0000000000000000
(1789484826.969642) can0 33B#6400004B00000000
(1789484826.969859) can0 323#0000000000000000
(1789484826.970096) can0 324#0000002F4B000000
(1789484826.970355) can0 33D#0000102000180000
(1789484826.970607) can0 3B7#0000000000040400
(1789484826.970847) can0 491#0000000000000000
(1789484827.069698) can0 33B#6400004500000000
(1789484827.069908) can0 323#0000000000000000
(1789484827.070173) can0 324#0000002F4B000000
(1789484827.070435) can0 33D#0000102000180000
(1789484827.070641) can0 3B7#0000000000050500
(1789484827.070886) can0 491#0000000000000000
(1789484827.169654) can0 33B#6400004300000000
(1789484827.169876) can0 323#0000000000000000
(1789484827.170112) can0 324#000000354B000000
(1789484827.170350) can0 33D#0000102000180000
(1789484827.170607) can0 3B7#0000000000060600
(1789484827.170854) can0 491#0000000000000000
(1789484827.269662) can0 33B#6400004200000000
(1789484827.269877) can0 323#0000000000000000
(1789484827.270116) can0 324#0000003547000000
(1789484827.270361) can0 33D#0000102000180000
(1789484827.270621) can0 3B7#0000000000070700
(1789484827.270869) can0 491#0000000000000000
(1789484827.369666) can0 33B#0000004100000000
(1789484827.369883) can0 323#0000000000000000
(1789484827.370124) can0 324#0000003547000000
(1789484827.370382) can0 33D#0000102000180000
(1789484827.370623) can0 3B7#0000000000080800
(1789484827.370859) can0 491#0000000000000000
(1789484827.469668) can0 33B#0000004000000000
(1789484827.469882) can0 323#0000000000000000
(1789484827.470124) can0 324#0000003847000000
(1789484827.470363) can0 33D#0000102000180000
(1789484827.470608) can0 3B7#0000000000090900
(1789484827.470853) can0 491#0000000000000000
(1789484827.569721) can0 33B#0000004000000000
(1789484827.569936) can0 323#0000000000000000
(1789484827.570177) can0 324#0000003845000000
(1789484827.570418) can0 33D#0000102000180000
(1789484827.570683) can0 3B7#00000000000A0A00
(1789484827.570927) can0 491#0000000000000000
(1789484827.669706) can0 33B#0000004000000000
(1789484827.669918) can0 323#0000000000001D65
(1789484827.670152) can0 324#0000003845000000
(1789484827.670413) can0 33D#0000102000180000
(1789484827.670649) can0 3B7#00004000000B4B00
(1789484827.670890) can0 491#0000000000000000
(1789484827.769776) can0 33B#0000004000000000
(1789484827.769921) can0 323#0000000000001D65
(1789484827.770124) can0 324#0000003B45000000
(1789484827.770367) can0 33D#0000102000180000
(1789484827.770634) can0 3B7#00004000000C4C00
(1789484827.770874) can0 491#0000000000000000
(1789484827.869677) can0 33B#0000004000000000
(1789484827.869905) can0 323#0000000000001D65
(1789484827.870150) can0 324#0000003B43000000
(1789484827.870411) can0 33D#0000102000180000
(1789484827.870649) can0 3B7#00004000000D4D00
(1789484827.870898) can0 491#0000000000000000
(1789484827.969685) can0 33B#0000004000000000
(1789484827.969913) can0 323#0000000000001D65
(1789484827.970151) can0 324#0000003B43000000
(1789484827.970401) can0 33D#0000102000180000
(1789484827.970641) can0 3B7#00004000000E4E00
(1789484827.970884) can0 491#0000000000000000
(1789484828.069803) can0 33B#0000004000000000
(1789484828.070038) can0 323#0000000000001D65
(1789484828.070260) can0 324#0000003C43000000
(1789484828.070508) can0 33D#0000102000180000
(1789484828.070746) can0 3B7#00004000000F4F00
(1789484828.071000) can0 491#0000000000000000
(1789484828.169669) can0 33B#0000004000000000
(1789484828.169916) can0 323#0000000000001D83
(1789484828.170149) can0 324#0000003C42000000
(1789484828.170386) can0 33D#0000102000180000
(1789484828.170651) can0 3B7#0000400000004000
(1789484828.170915) can0 491#0000000000000000
(1789484828.269685) can0 33B#0000004000000000
(1789484828.269931) can0 323#0000000000001D83
(1789484828.270145) can0 324#0000003C42000000
(1789484828.270438) can0 33D#0000102000180000
(1789484828.270632) can0 3B7#0000400000014100
(1789484828.270922) can0 491#0000000000000000
(1789484828.369712) can0 33B#0000004000000000
(1789484828.369943) can0 323#0000000000001D83
(1789484828.370157) can0 324#0000003D42000000
(1789484828.370415) can0 33D#0000102000180000
(1789484828.370646) can0 3B7#0000400000024200
(1789484828.370934) can0 491#0000000000000000
(1789484828.469710) can0 33B#0000004000000000
(1789484828.469959) can0 323#0000000000001D83
(1789484828.470180) can0 324#0000003D41000000
(1789484828.470409) can0 33D#0000102000180000
(1789484828.470648) can0 3B7#0000400000034300
(1789484828.470960) can0 491#0000000000000000
(1789484828.570001) can0 33B#0000004000000000
(1789484828.570167) can0 323#0000000000001D83
(1789484828.570419) can0 324#0000003D41000000
(1789484828.570658) can0 33D#0000102000180000
(1789484828.570967) can0 3B7#0000400000044400
(1789484828.571154) can0 491#0000000000000000
(1789484828.669783) can0 33B#0000004000000000
(1789484828.670009) can0 323#0000000000001FC5
(1789484828.670255) can0 324#0000003E41000000
(1789484828.670485) can0 33D#0000102000180000
(1789484828.670733) can0 3B7#0000400000054500
(1789484828.670992) can0 491#0000000000000000
(1789484828.769711) can0 33B#0000004000000000
(1789484828.770003) can0 323#0000000000001FC5
(1789484828.770166) can0 324#0000003E40000000
(1789484828.770414) can0 33D#0000102000180000
(1789484828.770653) can0 3B7#0000400000064600
(1789484828.770918) can0 491#0000000000000000
(1789484828.869757) can0 33B#0000004000000000
(1789484828.870006) can0 323#0000000000001FC5
(1789484828.870203) can0 324#0000003E40000000
(1789484828.870439) can0 33D#0000102000180000
(1789484828.870687) can0 3B7#0000400000074700
(1789484828.870933) can0 491#0000000000000000
(1789484828.969784) can0 33B#0000004000000000
(1789484828.970020) can0 323#0000000000001FC5
(1789484828.970242) can0 324#0000003E40000000
(1789484828.970489) can0 33D#0000102000180000
(1789484828.970739) can0 3B7#0000400000084800
(1789484828.971017) can0 491#0000000000000000
(1789484829.069751) can0 33B#0000004000000000
(1789484829.070031) can0 323#0000000000001FC5
(1789484829.070216) can0 324#0000003E40000000
(1789484829.070463) can0 33D#0000102000180000
(1789484829.070702) can0 3B7#0000400000094900
(1789484829.071031) can0 491#0000000000000000
(1789484829.169706) can0 33B#0000004000000000
(1789484829.169940) can0 323#0000000000000000
(1789484829.170188) can0 324#0000003E40000000
(1789484829.170426) can0 33D#0000102000180000
(1789484829.170679) can0 3B7#00004000000A4A00
(1789484829.170920) can0 491#0000000000000000
(1789484829.269722) can0 33B#0000004000000000
(1789484829.269947) can0 323#0000000000000000
(1789484829.270181) can0 324#0000003F40000000
(1789484829.270434) can0 33D#0000102000180000
(1789484829.270683) can0 3B7#00004000000B4B00
(1789484829.270917) can0 491#0000000000000000
(1789484829.369732) can0 33B#0000004000000000
(1789484829.369952) can0 323#0000000000000000
(1789484829.370193) can0 324#0000003F40000000
(1789484829.370431) can0 33D#0000102000180000
(1789484829.370677) can0 3B7#00004000000C4C00
(1789484829.370947) can0 491#0000000000000000
(1789484829.469758) can0 33B#0000004000000000
(1789484829.469953) can0 323#0000000000000000
(1789484829.470195) can0 324#0000003F40000000
(1789484829.470430) can0 33D#0000102000180000
(1789484829.470692) can0 3B7#00004000000D4D00
(1789484829.470937) can0 491#0000000000000000
(1789484829.569789) can0 33B#0000004000000000
(1789484829.569997) can0 323#0000000000000000
(1789484829.570241) can0 324#0000003F40000000
(1789484829.570500) can0 33D#0000102000180000
(1789484829.570739) can0 3B7#00004000000E4E00
(1789484829.570994) can0 491#0000000000000000
(1789484829.669826) can0 33B#0000004000000000
(1789484829.670040) can0 323#0000000000001D65
(1789484829.670280) can0 324#0000003F40000000
(1789484829.670528) can0 33D#0000102000280000
(1789484829.670766) can0 3B7#00004000000F4F00
(1789484829.671033) can0 491#0000000000000000
(1789484829.769757) can0 33B#0000004000000000
(1789484829.769941) can0 323#0000000000001D65
(1789484829.770206) can0 324#0000003F40000000
(1789484829.770449) can0 33D#0000102000280000
(1789484829.770687) can0 3B7#0000400000004000
(1789484829.770930) can0 491#0000000000000000
(1789484829.869831) can0 33B#0000004000000000
(1789484829.870046) can0 323#0000000000001D65
(1789484829.870285) can0 324#0000003F40000000
(1789484829.870534) can0 33D#0000102000280000
(1789484829.870774) can0 3B7#0000400000014100
(1789484829.871014) can0 491#0000000000000000
(1789484829.969733) can0 33B#0000004000000000
(1789484829.969950) can0 323#0000000000001D65
(1789484829.970200) can0 324#0000003F3F000000
(1789484829.970451) can0 33D#0000102000280000
(1789484829.970694) can0 3B7#0000400000024200
(1789484829.970953) can0 491#0000000000000000
(1789484830.069876) can0 33B#0000004000000000
(1789484830.070096) can0 323#0000000000001D65
(1789484830.070334) can0 324#0000003F3F000000
(1789484830.070583) can0 33D#0000102000280000
(1789484830.070823) can0 3B7#0000400000034300
(1789484830.071079) can0 491#0000000000000000
(1789484830.169746) can0 33B#0000004000000000
(1789484830.169967) can0 323#0000000000001FAD
(1789484830.170205) can0 324#0000003F3F000000
(1789484830.170453) can0 33D#0000102000280000
(1789484830.170694) can0 3B7#0000400000044400
(1789484830.170966) can0 491#0000000000000000
(1789484830.269758) can0 33B#0000004000000000
(1789484830.269976) can0 323#0000000000001FAD
(1789484830.270217) can0 324#0000003F3F000000
(1789484830.270467) can0 33D#0000102000280000
(1789484830.270708) can0 3B7#0000400000054500
(1789484830.270952) can0 491#0000000000000000
(1789484830.369756) can0 33B#0000004000000000
(1789484830.369963) can0 323#0000000000001FAD
(1789484830.370212) can0 324#0000003F3F000000
(1789484830.370456) can0 33D#0000102000280000
(1789484830.370702) can0 3B7#0000400000064600
(1789484830.370966) can0 491#0000000000000000
(1789484830.469769) can0 33B#0000004000000000
(1789484830.469978) can0 323#0000000000001FAD
(1789484830.470215) can0 324#0000003F3F000000
(1789484830.470469) can0 33D#0000102000280000
(1789484830.470726) can0 3B7#0000400000074700
(1789484830.470967) can0 491#0000000000000000
(1789484830.569912) can0 33B#0000004000000000
(1789484830.570129) can0 323#0000000000001FAD
(1789484830.570386) can0 324#0000003F3F000000
(1789484830.570633) can0 33D#0000102000280000
(1789484830.570869) can0 3B7#0000400000084800
(1789484830.571135) can0 491#0000000000000000
(1789484830.669785) can0 33B#0000004000000000
(1789484830.669997) can0 323#0000000000001FC5
(1789484830.670273) can0 324#0000003F3F000000
(1789484830.670502) can0 33D#0000102000280000
(1789484830.670752) can0 3B7#0000400000094900
(1789484830.670995) can0 491#0000000000000000
(1789484830.769772) can0 33B#0000004000000000
(1789484830.769999) can0 323#0000000000001FC5
(1789484830.770259) can0 324#0000003F3F000000
(1789484830.770484) can0 33D#0000102000280000
(1789484830.770730) can0 3B7#00004000000A4A00
(1789484830.770979) can0 491#0000000000000000
(1789484830.869781) can0 33B#0000004000000000
(1789484830.870001) can0 323#0000000000001FC5
(1789484830.870270) can0 324#0000003F3F000000
(1789484830.870492) can0 33D#0000102000280000
(1789484830.870717) can0 3B7#00004000000B4B00
(1789484830.870975) can0 491#0000000000000000
(1789484830.969788) can0 33B#0000004000000000
(1789484830.969993) can0 323#0000000000001FC5
(1789484830.970285) can0 324#0000003F3F000000
(1789484830.970476) can0 33D#0000102000280000
(1789484830.970720) can0 3B7#00004000000C4C00
(1789484830.970985) can0 491#0000000000000000
(1789484831.069829) can0 33B#0000004000000000
(1789484831.070035) can0 323#0000000000001FC5
(1789484831.070298) can0 324#0000003F3F000000
(1789484831.070545) can0 33D#0000102000280000
(1789484831.070782) can0 3B7#00004000000D4D00
(1789484831.071021) can0 491#0000000000000000
(1789484831.169767) can0 33B#0000004000000000
(1789484831.170007) can0 323#0000000000000000
(1789484831.170312) can0 324#0000003F3F000000
(1789484831.170492) can0 33D#0000102000280000
(1789484831.170770) can0 3B7#00004000000E4E00
(1789484831.170995) can0 491#0000000000000000
(1789484831.269785) can0 33B#0000004000000000
(1789484831.269996) can0 323#0000000000000000
(1789484831.270236) can0 324#0000003F3F000000
(1789484831.270490) can0 33D#0000102000280000
(1789484831.270726) can0 3B7#00004000000F4F00
(1789484831.270989) can0 491#0000000000000000
(1789484831.369808) can0 33B#0000004000000000
(1789484831.370036) can0 323#0000000000000000
(1789484831.370346) can0 324#0000003F3F000000
(1789484831.370519) can0 33D#0000102000280000
(1789484831.370759) can0 3B7#0000400000004000
(1789484831.371028) can0 491#0000000000000000
(1789484831.469807) can0 33B#0000004000000000
(1789484831.470016) can0 323#0000000000000000
(1789484831.470255) can0 324#0000003F3F000000
(1789484831.470499) can0 33D#0000102000280000
(1789484831.470745) can0 3B7#0000400000014100
(1789484831.471013) can0 491#0000000000000000
(1789484831.569867) can0 33B#0000004000000000
(1789484831.570089) can0 323#0000000000000000
(1789484831.570362) can0 324#0000003F3F000000
(1789484831.570598) can0 33D#0000102000280000
(1789484831.570835) can0 3B7#0000400000024200
(1789484831.571064) can0 491#0000000000000000
